p1     : [x: 1, y: 2]
p2     : [x: 1, y: 6]
p1 + p2: [x: 2, y: 8]
p1     : [x: 3, y: 2]
p2     : [x: 1, y: 21]
p1 + p2: [x: 4, y: 23]
