5
#1: 10
#2: 20
#3: 30
#4: 40
#5: 50
0
0
#1: 0
#2: 10
#3: 20
#4: 30
#5: 40
#6: 50
#7: 60
